Traceback (most recent call last):
  File "/home/jovyan/GMAR-Plus-with-pruning/src/prunning/get_score_GMAR.py", line 3, in <module>
    from vit import Custom_model
  File "/home/jovyan/GMAR-Plus-with-pruning/src/prunning/vit.py", line 3, in <module>
    from transformers import ViTImageProcessor, ViTForImageClassification
  File "/home/jovyan/GMAR-Plus-with-pruning/src/prunning/venv/lib/python3.12/site-packages/transformers/__init__.py", line 27, in <module>
    from . import dependency_versions_check
  File "/home/jovyan/GMAR-Plus-with-pruning/src/prunning/venv/lib/python3.12/site-packages/transformers/dependency_versions_check.py", line 16, in <module>
    from .utils.versions import require_version, require_version_core
  File "/home/jovyan/GMAR-Plus-with-pruning/src/prunning/venv/lib/python3.12/site-packages/transformers/utils/__init__.py", line 19, in <module>
    from huggingface_hub import get_full_repo_name  # for backward compatibility
    ^^^^^^^^^^^^^^^^^^^^^^^^^^^^^^^^^^^^^^^^^^^^^^
  File "<frozen importlib._bootstrap>", line 1412, in _handle_fromlist
  File "/home/jovyan/GMAR-Plus-with-pruning/src/prunning/venv/lib/python3.12/site-packages/huggingface_hub/__init__.py", line 1044, in __getattr__
    submod = importlib.import_module(submod_path)
             ^^^^^^^^^^^^^^^^^^^^^^^^^^^^^^^^^^^^
  File "/usr/lib/python3.12/importlib/__init__.py", line 90, in import_module
    return _bootstrap._gcd_import(name[level:], package, level)
           ^^^^^^^^^^^^^^^^^^^^^^^^^^^^^^^^^^^^^^^^^^^^^^^^^^^^
  File "/home/jovyan/GMAR-Plus-with-pruning/src/prunning/venv/lib/python3.12/site-packages/huggingface_hub/hf_api.py", line 56, in <module>
    from ._commit_api import (
  File "/home/jovyan/GMAR-Plus-with-pruning/src/prunning/venv/lib/python3.12/site-packages/huggingface_hub/_commit_api.py", line 356, in <module>
    @validate_hf_hub_args
     ^^^^^^^^^^^^^^^^^^^^
  File "/home/jovyan/GMAR-Plus-with-pruning/src/prunning/venv/lib/python3.12/site-packages/huggingface_hub/utils/_validators.py", line 92, in validate_hf_hub_args
    signature = inspect.signature(fn)
                ^^^^^^^^^^^^^^^^^^^^^
  File "/usr/lib/python3.12/inspect.py", line 3310, in signature
    return Signature.from_callable(obj, follow_wrapped=follow_wrapped,
           ^^^^^^^^^^^^^^^^^^^^^^^^^^^^^^^^^^^^^^^^^^^^^^^^^^^^^^^^^^^
  File "/usr/lib/python3.12/inspect.py", line 3054, in from_callable
    return _signature_from_callable(obj, sigcls=cls,
           ^^^^^^^^^^^^^^^^^^^^^^^^^^^^^^^^^^^^^^^^^
  File "/usr/lib/python3.12/inspect.py", line 2566, in _signature_from_callable
    return _signature_from_function(sigcls, obj,
           ^^^^^^^^^^^^^^^^^^^^^^^^^^^^^^^^^^^^^
  File "/usr/lib/python3.12/inspect.py", line 2440, in _signature_from_function
    parameters.append(Parameter(name, annotation=annotation,
                      ^^^^^^^^^^^^^^^^^^^^^^^^^^^^^^^^^^^^^^
KeyboardInterrupt
